// Jest Snapshot v1, https://goo.gl/fbAQLP

exports[`home test render home 1`] = `<div />`;
